// Jest Snapshot v1, https://goo.gl/fbAQLP

exports[`Timeline should create a snapshot of timeline component 1`] = `
Object {
  "asFragment": [Function],
  "baseElement": <body>
    <div>
      <div
        class="sc-bczRLJ cyRdvt"
      >
        <div
          class="sc-gsnTZi kEhIuA"
        >
          <section
            class="sc-dkzDqf bqgjsq"
          >
            <div
              aria-label="From Tuesday, January 01, 2019 To Monday, December 26, 2022"
              class="sc-hKMtZM VwYTb"
              format="only-number"
              lang="en"
            >
              <time
                aria-hidden="true"
                datetime="12/26/2022"
              >
                2022
              </time>
              <span
                aria-hidden="true"
                class="sc-eCYdqJ ctJLYX"
              >
                From
              </span>
              <time
                aria-hidden="true"
                datetime="1/1/2019"
              >
                1/1/2019
              </time>
            </div>
            <article
              class="sc-jSMfEi htGDEx"
            >
              <h2
                class="sc-gKXOVf dFwsvn"
              >
                I'm a title
              </h2>
              <p
                class="sc-iBkjds icZsBo"
              >
                I'm a subtitle
              </p>
              <div
                class="sc-ftvSup ccSJqk"
              >
                <h3
                  class="sc-jqUVSM gpKZtt"
                >
                  I'm a event title
                </h3>
                <div
                  class="sc-kDDrLX bFQhiG"
                >
                  <p
                    class="sc-iqcoie bIyfuL"
                  >
                    I'm a description
                  </p>
                </div>
              </div>
            </article>
          </section>
        </div>
      </div>
    </div>
  </body>,
  "container": <div>
    <div
      class="sc-bczRLJ cyRdvt"
    >
      <div
        class="sc-gsnTZi kEhIuA"
      >
        <section
          class="sc-dkzDqf bqgjsq"
        >
          <div
            aria-label="From Tuesday, January 01, 2019 To Monday, December 26, 2022"
            class="sc-hKMtZM VwYTb"
            format="only-number"
            lang="en"
          >
            <time
              aria-hidden="true"
              datetime="12/26/2022"
            >
              2022
            </time>
            <span
              aria-hidden="true"
              class="sc-eCYdqJ ctJLYX"
            >
              From
            </span>
            <time
              aria-hidden="true"
              datetime="1/1/2019"
            >
              1/1/2019
            </time>
          </div>
          <article
            class="sc-jSMfEi htGDEx"
          >
            <h2
              class="sc-gKXOVf dFwsvn"
            >
              I'm a title
            </h2>
            <p
              class="sc-iBkjds icZsBo"
            >
              I'm a subtitle
            </p>
            <div
              class="sc-ftvSup ccSJqk"
            >
              <h3
                class="sc-jqUVSM gpKZtt"
              >
                I'm a event title
              </h3>
              <div
                class="sc-kDDrLX bFQhiG"
              >
                <p
                  class="sc-iqcoie bIyfuL"
                >
                  I'm a description
                </p>
              </div>
            </div>
          </article>
        </section>
      </div>
    </div>
  </div>,
  "debug": [Function],
  "findAllByAltText": [Function],
  "findAllByDisplayValue": [Function],
  "findAllByLabelText": [Function],
  "findAllByPlaceholderText": [Function],
  "findAllByRole": [Function],
  "findAllByTestId": [Function],
  "findAllByText": [Function],
  "findAllByTitle": [Function],
  "findByAltText": [Function],
  "findByDisplayValue": [Function],
  "findByLabelText": [Function],
  "findByPlaceholderText": [Function],
  "findByRole": [Function],
  "findByTestId": [Function],
  "findByText": [Function],
  "findByTitle": [Function],
  "getAllByAltText": [Function],
  "getAllByDisplayValue": [Function],
  "getAllByLabelText": [Function],
  "getAllByPlaceholderText": [Function],
  "getAllByRole": [Function],
  "getAllByTestId": [Function],
  "getAllByText": [Function],
  "getAllByTitle": [Function],
  "getByAltText": [Function],
  "getByDisplayValue": [Function],
  "getByLabelText": [Function],
  "getByPlaceholderText": [Function],
  "getByRole": [Function],
  "getByTestId": [Function],
  "getByText": [Function],
  "getByTitle": [Function],
  "queryAllByAltText": [Function],
  "queryAllByDisplayValue": [Function],
  "queryAllByLabelText": [Function],
  "queryAllByPlaceholderText": [Function],
  "queryAllByRole": [Function],
  "queryAllByTestId": [Function],
  "queryAllByText": [Function],
  "queryAllByTitle": [Function],
  "queryByAltText": [Function],
  "queryByDisplayValue": [Function],
  "queryByLabelText": [Function],
  "queryByPlaceholderText": [Function],
  "queryByRole": [Function],
  "queryByTestId": [Function],
  "queryByText": [Function],
  "queryByTitle": [Function],
  "rerender": [Function],
  "unmount": [Function],
}
`;
